{"datehour":"2021-01-23-10","domain":"www.domain-A.eu","user_country":"ES","pageviews":0,"pageviews_with_consent":0,"consents_asked":2,"consents_given":2,"consents_given_with_consent":1}
{"datehour":"2021-01-23-10","domain":"www.mywebsite.com","user_country":"FR","pageviews":2,"pageviews_with_consent":2,"consents_asked":0,"consents_given":0,"consents_given_with_consent":0,"avg_pageviews_per_user":2.0}