{"id":"4ad3ca43-1400-4199-b7d3-486c7e7dba44","datetime":"2021-01-23 11:57:22","domain":"www.domain-A.eu","type":"pageview","user":{"id":"dfa709b4-966d-41bb-9f84-9257efe56904","country":"ES","token":"{\"vendors\":{\"enabled\":[],\"disabled\":[]},\"purposes\":{\"enabled\":[],\"disabled\":[]}}"}}
{"id":"9322dc81-c609-4422-8dd1-48ea10f35113","datetime":"2021-01-23 11:45:07","domain":"www.domain-A.eu","type":"consent.asked","user":{"id":"dfa709b4-966d-41bb-9f84-9257efe56904","country":"ES","token":"{\"vendors\":{\"enabled\":[],\"disabled\":[]},\"purposes\":{\"enabled\":[],\"disabled\":[]}}"}}